// Jest Snapshot v1, https://goo.gl/fbAQLP

exports[`GetData normal 1`] = `
[
  1,
  2,
]
`;
